2026-06-04 22:34:43,139 - aqt.main - INFO - installer 29348 aqtinstall(aqt) v3.3.0 on Python 3.12.3 [CPython MSC v.1938 64 bit (AMD64)]
2026-06-04 22:34:43,140 - aqt.helper - DEBUG - helper 29348 Attempt to download checksum at https://download.qt.io/online/qtsdkrepository/windows_x86/desktop/tools_mingw90/Updates.xml.sha256
2026-06-04 22:34:44,783 - aqt.helper - DEBUG - helper 11492 Attempt to download checksum at https://download.qt.io/online/qtsdkrepository/windows_x86/desktop/tools_mingw90/qt.tools.win64_mingw900/9.0.0-1-202203221220mingw-w64-x86_64-11.2.0-release-posix-seh-rt_v9-rev3.7z.sha256
2026-06-04 22:34:45,166 - aqt.helper - INFO - helper 11492 Downloading qt.tools.win64_mingw900...
2026-06-04 22:34:45,167 - aqt.installer - DEBUG - installer 11492 Download URL: https://download.qt.io/online/qtsdkrepository/windows_x86/desktop/tools_mingw90/qt.tools.win64_mingw900/9.0.0-1-202203221220mingw-w64-x86_64-11.2.0-release-posix-seh-rt_v9-rev3.7z
2026-06-04 22:34:45,552 - aqt.helper - DEBUG - helper 11492 Asked to redirect(302) to: https://www.nic.funet.fi/pub/mirrors/download.qt-project.org/online/qtsdkrepository/windows_x86/desktop/tools_mingw90/qt.tools.win64_mingw900/9.0.0-1-202203221220mingw-w64-x86_64-11.2.0-release-posix-seh-rt_v9-rev3.7z
2026-06-04 22:34:45,552 - aqt.helper - INFO - helper 11492 Redirected: www.nic.funet.fi
2026-06-04 22:35:16,292 - aqt.installer - INFO - installer 11492 Finished installation of mingw-w64-x86_64-11.2.0-release-posix-seh-rt_v9-rev3.7z in 31.51211770
2026-06-04 22:35:16,468 - aqt.main - INFO - installer 29348 Finished installation
2026-06-04 22:35:16,468 - aqt.main - INFO - installer 29348 Time elapsed: 33.32891050 second
2026-06-04 22:35:17,105 - aqt.main - INFO - installer 19608 aqtinstall(aqt) v3.3.0 on Python 3.12.3 [CPython MSC v.1938 64 bit (AMD64)]
2026-06-04 22:35:17,105 - aqt.helper - DEBUG - helper 19608 Attempt to download checksum at https://download.qt.io/online/qtsdkrepository/windows_x86/desktop/tools_cmake/Updates.xml.sha256
2026-06-04 22:35:18,698 - aqt.helper - DEBUG - helper 17144 Attempt to download checksum at https://download.qt.io/online/qtsdkrepository/windows_x86/desktop/tools_cmake/qt.tools.cmake/3.30.5-202502251255windows64_x64_cmake_tools.7z.sha256
2026-06-04 22:35:19,095 - aqt.helper - INFO - helper 17144 Downloading qt.tools.cmake...
2026-06-04 22:35:19,096 - aqt.installer - DEBUG - installer 17144 Download URL: https://download.qt.io/online/qtsdkrepository/windows_x86/desktop/tools_cmake/qt.tools.cmake/3.30.5-202502251255windows64_x64_cmake_tools.7z
2026-06-04 22:35:19,492 - aqt.helper - DEBUG - helper 17144 Asked to redirect(302) to: https://www.nic.funet.fi/pub/mirrors/download.qt-project.org/online/qtsdkrepository/windows_x86/desktop/tools_cmake/qt.tools.cmake/3.30.5-202502251255windows64_x64_cmake_tools.7z
2026-06-04 22:35:19,492 - aqt.helper - INFO - helper 17144 Redirected: www.nic.funet.fi
2026-06-04 22:35:27,567 - aqt.installer - INFO - installer 17144 Finished installation of windows64_x64_cmake_tools.7z in 8.87141800
2026-06-04 22:35:27,691 - aqt.main - INFO - installer 19608 Finished installation
2026-06-04 22:35:27,692 - aqt.main - INFO - installer 19608 Time elapsed: 10.58721760 second
2026-06-04 22:35:28,086 - aqt.main - INFO - installer 25368 aqtinstall(aqt) v3.3.0 on Python 3.12.3 [CPython MSC v.1938 64 bit (AMD64)]
2026-06-04 22:35:28,086 - aqt.helper - DEBUG - helper 25368 Attempt to download checksum at https://download.qt.io/online/qtsdkrepository/windows_x86/desktop/qt6_672/Updates.xml.sha256
2026-06-04 22:35:29,439 - aqt.helper - DEBUG - helper 32500 Attempt to download checksum at https://download.qt.io/online/qtsdkrepository/windows_x86/desktop/qt6_672/qt.qt6.672.win64_mingw/6.7.2-0-202406110335qtbase-Windows-Windows_10_22H2-Mingw-Windows-Windows_10_22H2-X86_64.7z.sha256
2026-06-04 22:35:29,440 - aqt.helper - DEBUG - helper 35680 Attempt to download checksum at https://download.qt.io/online/qtsdkrepository/windows_x86/desktop/qt6_672/qt.qt6.672.win64_mingw/6.7.2-0-202406110335qtsvg-Windows-Windows_10_22H2-Mingw-Windows-Windows_10_22H2-X86_64.7z.sha256
2026-06-04 22:35:29,440 - aqt.helper - DEBUG - helper 6752 Attempt to download checksum at https://download.qt.io/online/qtsdkrepository/windows_x86/desktop/qt6_672/qt.qt6.672.win64_mingw/6.7.2-0-202406110335qtdeclarative-Windows-Windows_10_22H2-Mingw-Windows-Windows_10_22H2-X86_64.7z.sha256
2026-06-04 22:35:29,455 - aqt.helper - DEBUG - helper 33464 Attempt to download checksum at https://download.qt.io/online/qtsdkrepository/windows_x86/desktop/qt6_672/qt.qt6.672.win64_mingw/6.7.2-0-202406110335qttools-Windows-Windows_10_22H2-Mingw-Windows-Windows_10_22H2-X86_64.7z.sha256
2026-06-04 22:35:30,078 - aqt.helper - INFO - helper 6752 Downloading qtdeclarative...
2026-06-04 22:35:30,078 - aqt.installer - DEBUG - installer 6752 Download URL: https://download.qt.io/online/qtsdkrepository/windows_x86/desktop/qt6_672/qt.qt6.672.win64_mingw/6.7.2-0-202406110335qtdeclarative-Windows-Windows_10_22H2-Mingw-Windows-Windows_10_22H2-X86_64.7z
2026-06-04 22:35:30,095 - aqt.helper - INFO - helper 33464 Downloading qttools...
2026-06-04 22:35:30,096 - aqt.installer - DEBUG - installer 33464 Download URL: https://download.qt.io/online/qtsdkrepository/windows_x86/desktop/qt6_672/qt.qt6.672.win64_mingw/6.7.2-0-202406110335qttools-Windows-Windows_10_22H2-Mingw-Windows-Windows_10_22H2-X86_64.7z
2026-06-04 22:35:30,111 - aqt.helper - INFO - helper 32500 Downloading qtbase...
2026-06-04 22:35:30,112 - aqt.installer - DEBUG - installer 32500 Download URL: https://download.qt.io/online/qtsdkrepository/windows_x86/desktop/qt6_672/qt.qt6.672.win64_mingw/6.7.2-0-202406110335qtbase-Windows-Windows_10_22H2-Mingw-Windows-Windows_10_22H2-X86_64.7z
2026-06-04 22:35:30,112 - aqt.installer - DEBUG - installer 35680 Download URL: https://download.qt.io/online/qtsdkrepository/windows_x86/desktop/qt6_672/qt.qt6.672.win64_mingw/6.7.2-0-202406110335qtsvg-Windows-Windows_10_22H2-Mingw-Windows-Windows_10_22H2-X86_64.7z
2026-06-04 22:35:30,750 - aqt.helper - DEBUG - helper 33464 Asked to redirect(302) to: https://www.nic.funet.fi/pub/mirrors/download.qt-project.org/online/qtsdkrepository/windows_x86/desktop/qt6_672/qt.qt6.672.win64_mingw/6.7.2-0-202406110335qttools-Windows-Windows_10_22H2-Mingw-Windows-Windows_10_22H2-X86_64.7z
2026-06-04 22:35:30,750 - aqt.helper - INFO - helper 33464 Redirected: www.nic.funet.fi
2026-06-04 22:35:30,779 - aqt.helper - DEBUG - helper 32500 Asked to redirect(302) to: https://www.nic.funet.fi/pub/mirrors/download.qt-project.org/online/qtsdkrepository/windows_x86/desktop/qt6_672/qt.qt6.672.win64_mingw/6.7.2-0-202406110335qtbase-Windows-Windows_10_22H2-Mingw-Windows-Windows_10_22H2-X86_64.7z
2026-06-04 22:35:30,779 - aqt.helper - INFO - helper 32500 Redirected: www.nic.funet.fi
2026-06-04 22:35:30,779 - aqt.helper - DEBUG - helper 35680 Asked to redirect(302) to: https://www.nic.funet.fi/pub/mirrors/download.qt-project.org/online/qtsdkrepository/windows_x86/desktop/qt6_672/qt.qt6.672.win64_mingw/6.7.2-0-202406110335qtsvg-Windows-Windows_10_22H2-Mingw-Windows-Windows_10_22H2-X86_64.7z
2026-06-04 22:35:30,779 - aqt.helper - INFO - helper 35680 Redirected: www.nic.funet.fi
2026-06-04 22:35:30,789 - aqt.helper - DEBUG - helper 6752 Asked to redirect(302) to: https://www.nic.funet.fi/pub/mirrors/download.qt-project.org/online/qtsdkrepository/windows_x86/desktop/qt6_672/qt.qt6.672.win64_mingw/6.7.2-0-202406110335qtdeclarative-Windows-Windows_10_22H2-Mingw-Windows-Windows_10_22H2-X86_64.7z
2026-06-04 22:35:30,790 - aqt.helper - INFO - helper 6752 Redirected: www.nic.funet.fi
2026-06-04 22:35:31,735 - aqt.installer - INFO - installer 35680 Finished installation of qtsvg-Windows-Windows_10_22H2-Mingw-Windows-Windows_10_22H2-X86_64.7z in 2.29702200
2026-06-04 22:35:31,749 - aqt.helper - DEBUG - helper 35680 Attempt to download checksum at https://download.qt.io/online/qtsdkrepository/windows_x86/desktop/qt6_672/qt.qt6.672.win64_mingw/6.7.2-0-202406110335qttranslations-Windows-Windows_10_22H2-Mingw-Windows-Windows_10_22H2-X86_64.7z.sha256
2026-06-04 22:35:32,161 - aqt.helper - INFO - helper 35680 Downloading qttranslations...
2026-06-04 22:35:32,162 - aqt.installer - DEBUG - installer 35680 Download URL: https://download.qt.io/online/qtsdkrepository/windows_x86/desktop/qt6_672/qt.qt6.672.win64_mingw/6.7.2-0-202406110335qttranslations-Windows-Windows_10_22H2-Mingw-Windows-Windows_10_22H2-X86_64.7z
2026-06-04 22:35:32,604 - aqt.helper - DEBUG - helper 35680 Asked to redirect(302) to: https://www.nic.funet.fi/pub/mirrors/download.qt-project.org/online/qtsdkrepository/windows_x86/desktop/qt6_672/qt.qt6.672.win64_mingw/6.7.2-0-202406110335qttranslations-Windows-Windows_10_22H2-Mingw-Windows-Windows_10_22H2-X86_64.7z
2026-06-04 22:35:32,605 - aqt.helper - INFO - helper 35680 Redirected: www.nic.funet.fi
2026-06-04 22:35:34,006 - aqt.installer - INFO - installer 35680 Finished installation of qttranslations-Windows-Windows_10_22H2-Mingw-Windows-Windows_10_22H2-X86_64.7z in 2.25851280
2026-06-04 22:35:34,020 - aqt.helper - DEBUG - helper 35680 Attempt to download checksum at https://download.qt.io/online/qtsdkrepository/windows_x86/desktop/qt6_672/qt.qt6.672.win64_mingw/6.7.2-0-202406110335MinGW-w64-x86_64-11.2.0-release-posix-seh-rt_v9-rev1-runtime.7z.sha256
2026-06-04 22:35:34,404 - aqt.helper - INFO - helper 35680 Downloading MinGW...
2026-06-04 22:35:34,405 - aqt.installer - DEBUG - installer 35680 Download URL: https://download.qt.io/online/qtsdkrepository/windows_x86/desktop/qt6_672/qt.qt6.672.win64_mingw/6.7.2-0-202406110335MinGW-w64-x86_64-11.2.0-release-posix-seh-rt_v9-rev1-runtime.7z
2026-06-04 22:35:34,810 - aqt.helper - DEBUG - helper 35680 Asked to redirect(302) to: https://www.nic.funet.fi/pub/mirrors/download.qt-project.org/online/qtsdkrepository/windows_x86/desktop/qt6_672/qt.qt6.672.win64_mingw/6.7.2-0-202406110335MinGW-w64-x86_64-11.2.0-release-posix-seh-rt_v9-rev1-runtime.7z
2026-06-04 22:35:34,810 - aqt.helper - INFO - helper 35680 Redirected: www.nic.funet.fi
2026-06-04 22:35:35,578 - aqt.installer - INFO - installer 35680 Finished installation of MinGW-w64-x86_64-11.2.0-release-posix-seh-rt_v9-rev1-runtime.7z in 1.55904890
2026-06-04 22:35:35,597 - aqt.helper - DEBUG - helper 35680 Attempt to download checksum at https://download.qt.io/online/qtsdkrepository/windows_x86/desktop/qt6_672/qt.qt6.672.win64_mingw/6.7.2-0-202406110335d3dcompiler_47-x64.7z.sha256
2026-06-04 22:35:35,994 - aqt.helper - INFO - helper 35680 Downloading d3dcompiler_47...
2026-06-04 22:35:35,995 - aqt.installer - DEBUG - installer 35680 Download URL: https://download.qt.io/online/qtsdkrepository/windows_x86/desktop/qt6_672/qt.qt6.672.win64_mingw/6.7.2-0-202406110335d3dcompiler_47-x64.7z
2026-06-04 22:35:36,413 - aqt.helper - DEBUG - helper 35680 Asked to redirect(302) to: https://www.nic.funet.fi/pub/mirrors/download.qt-project.org/online/qtsdkrepository/windows_x86/desktop/qt6_672/qt.qt6.672.win64_mingw/6.7.2-0-202406110335d3dcompiler_47-x64.7z
2026-06-04 22:35:36,414 - aqt.helper - INFO - helper 35680 Redirected: www.nic.funet.fi
2026-06-04 22:35:37,412 - aqt.installer - INFO - installer 35680 Finished installation of d3dcompiler_47-x64.7z in 1.81809710
2026-06-04 22:35:37,840 - aqt.helper - DEBUG - helper 19496 Attempt to download checksum at https://download.qt.io/online/qtsdkrepository/windows_x86/desktop/qt6_672/qt.qt6.672.win64_mingw/6.7.2-0-202406110335opengl32sw-64-mesa_11_2_2-signed_sha256.7z.sha256
2026-06-04 22:35:38,240 - aqt.helper - INFO - helper 19496 Downloading opengl32sw...
2026-06-04 22:35:38,240 - aqt.installer - DEBUG - installer 19496 Download URL: https://download.qt.io/online/qtsdkrepository/windows_x86/desktop/qt6_672/qt.qt6.672.win64_mingw/6.7.2-0-202406110335opengl32sw-64-mesa_11_2_2-signed_sha256.7z
2026-06-04 22:35:38,684 - aqt.helper - DEBUG - helper 19496 Asked to redirect(302) to: https://www.nic.funet.fi/pub/mirrors/download.qt-project.org/online/qtsdkrepository/windows_x86/desktop/qt6_672/qt.qt6.672.win64_mingw/6.7.2-0-202406110335opengl32sw-64-mesa_11_2_2-signed_sha256.7z
2026-06-04 22:35:38,684 - aqt.helper - INFO - helper 19496 Redirected: www.nic.funet.fi
2026-06-04 22:35:40,387 - aqt.installer - INFO - installer 19496 Finished installation of opengl32sw-64-mesa_11_2_2-signed_sha256.7z in 2.54856800
2026-06-04 22:35:41,017 - aqt.installer - INFO - installer 32500 Finished installation of qtbase-Windows-Windows_10_22H2-Mingw-Windows-Windows_10_22H2-X86_64.7z in 11.57969100
2026-06-04 22:35:47,718 - aqt.installer - INFO - installer 33464 Finished installation of qttools-Windows-Windows_10_22H2-Mingw-Windows-Windows_10_22H2-X86_64.7z in 18.26521480
2026-06-04 22:36:03,499 - aqt.installer - INFO - installer 6752 Finished installation of qtdeclarative-Windows-Windows_10_22H2-Mingw-Windows-Windows_10_22H2-X86_64.7z in 34.06083010
2026-06-04 22:36:04,119 - aqt.updater - INFO - updater 25368 Patching D:\DevTools\6.7.2\mingw_64\bin\qmake.exe
2026-06-04 22:36:04,126 - aqt.updater - INFO - updater 25368 Patching D:\DevTools\6.7.2\mingw_64\lib\pkgconfig\Qt6Concurrent.pc
2026-06-04 22:36:04,133 - aqt.updater - INFO - updater 25368 Patching D:\DevTools\6.7.2\mingw_64\lib\pkgconfig\Qt6Core.pc
2026-06-04 22:36:04,141 - aqt.updater - INFO - updater 25368 Patching D:\DevTools\6.7.2\mingw_64\lib\pkgconfig\Qt6DBus.pc
2026-06-04 22:36:04,152 - aqt.updater - INFO - updater 25368 Patching D:\DevTools\6.7.2\mingw_64\lib\pkgconfig\Qt6Designer.pc
2026-06-04 22:36:04,160 - aqt.updater - INFO - updater 25368 Patching D:\DevTools\6.7.2\mingw_64\lib\pkgconfig\Qt6Gui.pc
2026-06-04 22:36:04,168 - aqt.updater - INFO - updater 25368 Patching D:\DevTools\6.7.2\mingw_64\lib\pkgconfig\Qt6Help.pc
2026-06-04 22:36:04,175 - aqt.updater - INFO - updater 25368 Patching D:\DevTools\6.7.2\mingw_64\lib\pkgconfig\Qt6LabsAnimation.pc
2026-06-04 22:36:04,182 - aqt.updater - INFO - updater 25368 Patching D:\DevTools\6.7.2\mingw_64\lib\pkgconfig\Qt6LabsFolderListModel.pc
2026-06-04 22:36:04,190 - aqt.updater - INFO - updater 25368 Patching D:\DevTools\6.7.2\mingw_64\lib\pkgconfig\Qt6LabsQmlModels.pc
2026-06-04 22:36:04,197 - aqt.updater - INFO - updater 25368 Patching D:\DevTools\6.7.2\mingw_64\lib\pkgconfig\Qt6LabsSettings.pc
2026-06-04 22:36:04,206 - aqt.updater - INFO - updater 25368 Patching D:\DevTools\6.7.2\mingw_64\lib\pkgconfig\Qt6LabsSharedImage.pc
2026-06-04 22:36:04,215 - aqt.updater - INFO - updater 25368 Patching D:\DevTools\6.7.2\mingw_64\lib\pkgconfig\Qt6LabsWavefrontMesh.pc
2026-06-04 22:36:04,222 - aqt.updater - INFO - updater 25368 Patching D:\DevTools\6.7.2\mingw_64\lib\pkgconfig\Qt6Linguist.pc
2026-06-04 22:36:04,230 - aqt.updater - INFO - updater 25368 Patching D:\DevTools\6.7.2\mingw_64\lib\pkgconfig\Qt6Network.pc
2026-06-04 22:36:04,237 - aqt.updater - INFO - updater 25368 Patching D:\DevTools\6.7.2\mingw_64\lib\pkgconfig\Qt6OpenGL.pc
2026-06-04 22:36:04,244 - aqt.updater - INFO - updater 25368 Patching D:\DevTools\6.7.2\mingw_64\lib\pkgconfig\Qt6OpenGLWidgets.pc
2026-06-04 22:36:04,253 - aqt.updater - INFO - updater 25368 Patching D:\DevTools\6.7.2\mingw_64\lib\pkgconfig\Qt6Platform.pc
2026-06-04 22:36:04,260 - aqt.updater - INFO - updater 25368 Patching D:\DevTools\6.7.2\mingw_64\lib\pkgconfig\Qt6PrintSupport.pc
2026-06-04 22:36:04,268 - aqt.updater - INFO - updater 25368 Patching D:\DevTools\6.7.2\mingw_64\lib\pkgconfig\Qt6Qml.pc
2026-06-04 22:36:04,279 - aqt.updater - INFO - updater 25368 Patching D:\DevTools\6.7.2\mingw_64\lib\pkgconfig\Qt6QmlBuiltins.pc
2026-06-04 22:36:04,289 - aqt.updater - INFO - updater 25368 Patching D:\DevTools\6.7.2\mingw_64\lib\pkgconfig\Qt6QmlCompiler.pc
2026-06-04 22:36:04,295 - aqt.updater - INFO - updater 25368 Patching D:\DevTools\6.7.2\mingw_64\lib\pkgconfig\Qt6QmlCore.pc
2026-06-04 22:36:04,303 - aqt.updater - INFO - updater 25368 Patching D:\DevTools\6.7.2\mingw_64\lib\pkgconfig\Qt6QmlIntegration.pc
2026-06-04 22:36:04,314 - aqt.updater - INFO - updater 25368 Patching D:\DevTools\6.7.2\mingw_64\lib\pkgconfig\Qt6QmlLocalStorage.pc
2026-06-04 22:36:04,322 - aqt.updater - INFO - updater 25368 Patching D:\DevTools\6.7.2\mingw_64\lib\pkgconfig\Qt6QmlModels.pc
2026-06-04 22:36:04,329 - aqt.updater - INFO - updater 25368 Patching D:\DevTools\6.7.2\mingw_64\lib\pkgconfig\Qt6QmlNetwork.pc
2026-06-04 22:36:04,339 - aqt.updater - INFO - updater 25368 Patching D:\DevTools\6.7.2\mingw_64\lib\pkgconfig\Qt6QmlWorkerScript.pc
2026-06-04 22:36:04,348 - aqt.updater - INFO - updater 25368 Patching D:\DevTools\6.7.2\mingw_64\lib\pkgconfig\Qt6QmlXmlListModel.pc
2026-06-04 22:36:04,356 - aqt.updater - INFO - updater 25368 Patching D:\DevTools\6.7.2\mingw_64\lib\pkgconfig\Qt6Quick.pc
2026-06-04 22:36:04,363 - aqt.updater - INFO - updater 25368 Patching D:\DevTools\6.7.2\mingw_64\lib\pkgconfig\Qt6QuickControls2.pc
2026-06-04 22:36:04,370 - aqt.updater - INFO - updater 25368 Patching D:\DevTools\6.7.2\mingw_64\lib\pkgconfig\Qt6QuickControls2Basic.pc
2026-06-04 22:36:04,376 - aqt.updater - INFO - updater 25368 Patching D:\DevTools\6.7.2\mingw_64\lib\pkgconfig\Qt6QuickControls2BasicStyleImpl.pc
2026-06-04 22:36:04,384 - aqt.updater - INFO - updater 25368 Patching D:\DevTools\6.7.2\mingw_64\lib\pkgconfig\Qt6QuickControls2Fusion.pc
2026-06-04 22:36:04,392 - aqt.updater - INFO - updater 25368 Patching D:\DevTools\6.7.2\mingw_64\lib\pkgconfig\Qt6QuickControls2FusionStyleImpl.pc
2026-06-04 22:36:04,399 - aqt.updater - INFO - updater 25368 Patching D:\DevTools\6.7.2\mingw_64\lib\pkgconfig\Qt6QuickControls2Imagine.pc
2026-06-04 22:36:04,409 - aqt.updater - INFO - updater 25368 Patching D:\DevTools\6.7.2\mingw_64\lib\pkgconfig\Qt6QuickControls2ImagineStyleImpl.pc
2026-06-04 22:36:04,418 - aqt.updater - INFO - updater 25368 Patching D:\DevTools\6.7.2\mingw_64\lib\pkgconfig\Qt6QuickControls2Impl.pc
2026-06-04 22:36:04,425 - aqt.updater - INFO - updater 25368 Patching D:\DevTools\6.7.2\mingw_64\lib\pkgconfig\Qt6QuickControls2Material.pc
2026-06-04 22:36:04,434 - aqt.updater - INFO - updater 25368 Patching D:\DevTools\6.7.2\mingw_64\lib\pkgconfig\Qt6QuickControls2MaterialStyleImpl.pc
2026-06-04 22:36:04,441 - aqt.updater - INFO - updater 25368 Patching D:\DevTools\6.7.2\mingw_64\lib\pkgconfig\Qt6QuickControls2Universal.pc
2026-06-04 22:36:04,448 - aqt.updater - INFO - updater 25368 Patching D:\DevTools\6.7.2\mingw_64\lib\pkgconfig\Qt6QuickControls2UniversalStyleImpl.pc
2026-06-04 22:36:04,457 - aqt.updater - INFO - updater 25368 Patching D:\DevTools\6.7.2\mingw_64\lib\pkgconfig\Qt6QuickControls2WindowsStyleImpl.pc
2026-06-04 22:36:04,463 - aqt.updater - INFO - updater 25368 Patching D:\DevTools\6.7.2\mingw_64\lib\pkgconfig\Qt6QuickDialogs2.pc
2026-06-04 22:36:04,472 - aqt.updater - INFO - updater 25368 Patching D:\DevTools\6.7.2\mingw_64\lib\pkgconfig\Qt6QuickDialogs2QuickImpl.pc
2026-06-04 22:36:04,481 - aqt.updater - INFO - updater 25368 Patching D:\DevTools\6.7.2\mingw_64\lib\pkgconfig\Qt6QuickDialogs2Utils.pc
2026-06-04 22:36:04,490 - aqt.updater - INFO - updater 25368 Patching D:\DevTools\6.7.2\mingw_64\lib\pkgconfig\Qt6QuickLayouts.pc
2026-06-04 22:36:04,498 - aqt.updater - INFO - updater 25368 Patching D:\DevTools\6.7.2\mingw_64\lib\pkgconfig\Qt6QuickTemplates2.pc
2026-06-04 22:36:04,505 - aqt.updater - INFO - updater 25368 Patching D:\DevTools\6.7.2\mingw_64\lib\pkgconfig\Qt6QuickTest.pc
2026-06-04 22:36:04,512 - aqt.updater - INFO - updater 25368 Patching D:\DevTools\6.7.2\mingw_64\lib\pkgconfig\Qt6QuickWidgets.pc
2026-06-04 22:36:04,520 - aqt.updater - INFO - updater 25368 Patching D:\DevTools\6.7.2\mingw_64\lib\pkgconfig\Qt6Sql.pc
2026-06-04 22:36:04,530 - aqt.updater - INFO - updater 25368 Patching D:\DevTools\6.7.2\mingw_64\lib\pkgconfig\Qt6Svg.pc
2026-06-04 22:36:04,540 - aqt.updater - INFO - updater 25368 Patching D:\DevTools\6.7.2\mingw_64\lib\pkgconfig\Qt6SvgWidgets.pc
2026-06-04 22:36:04,549 - aqt.updater - INFO - updater 25368 Patching D:\DevTools\6.7.2\mingw_64\lib\pkgconfig\Qt6Test.pc
2026-06-04 22:36:04,558 - aqt.updater - INFO - updater 25368 Patching D:\DevTools\6.7.2\mingw_64\lib\pkgconfig\Qt6UiPlugin.pc
2026-06-04 22:36:04,565 - aqt.updater - INFO - updater 25368 Patching D:\DevTools\6.7.2\mingw_64\lib\pkgconfig\Qt6UiTools.pc
2026-06-04 22:36:04,573 - aqt.updater - INFO - updater 25368 Patching D:\DevTools\6.7.2\mingw_64\lib\pkgconfig\Qt6Widgets.pc
2026-06-04 22:36:04,581 - aqt.updater - INFO - updater 25368 Patching D:\DevTools\6.7.2\mingw_64\lib\pkgconfig\Qt6Xml.pc
2026-06-04 22:36:04,590 - aqt.updater - INFO - updater 25368 Patching D:\DevTools\6.7.2\mingw_64\lib\Qt6Concurrent.prl
2026-06-04 22:36:04,598 - aqt.updater - INFO - updater 25368 Patching D:\DevTools\6.7.2\mingw_64\lib\Qt6Core.prl
2026-06-04 22:36:04,607 - aqt.updater - INFO - updater 25368 Patching D:\DevTools\6.7.2\mingw_64\lib\Qt6DBus.prl
2026-06-04 22:36:04,616 - aqt.updater - INFO - updater 25368 Patching D:\DevTools\6.7.2\mingw_64\lib\Qt6Designer.prl
2026-06-04 22:36:04,624 - aqt.updater - INFO - updater 25368 Patching D:\DevTools\6.7.2\mingw_64\lib\Qt6DesignerComponents.prl
2026-06-04 22:36:04,632 - aqt.updater - INFO - updater 25368 Patching D:\DevTools\6.7.2\mingw_64\lib\Qt6DeviceDiscoverySupport.prl
2026-06-04 22:36:04,640 - aqt.updater - INFO - updater 25368 Patching D:\DevTools\6.7.2\mingw_64\lib\Qt6EntryPoint.prl
2026-06-04 22:36:04,649 - aqt.updater - INFO - updater 25368 Patching D:\DevTools\6.7.2\mingw_64\lib\Qt6ExampleIcons.prl
2026-06-04 22:36:04,656 - aqt.updater - INFO - updater 25368 Patching D:\DevTools\6.7.2\mingw_64\lib\Qt6FbSupport.prl
2026-06-04 22:36:04,664 - aqt.updater - INFO - updater 25368 Patching D:\DevTools\6.7.2\mingw_64\lib\Qt6Gui.prl
2026-06-04 22:36:04,673 - aqt.updater - INFO - updater 25368 Patching D:\DevTools\6.7.2\mingw_64\lib\Qt6Help.prl
2026-06-04 22:36:04,683 - aqt.updater - INFO - updater 25368 Patching D:\DevTools\6.7.2\mingw_64\lib\Qt6LabsAnimation.prl
2026-06-04 22:36:04,693 - aqt.updater - INFO - updater 25368 Patching D:\DevTools\6.7.2\mingw_64\lib\Qt6LabsFolderListModel.prl
2026-06-04 22:36:04,700 - aqt.updater - INFO - updater 25368 Patching D:\DevTools\6.7.2\mingw_64\lib\Qt6LabsQmlModels.prl
2026-06-04 22:36:04,708 - aqt.updater - INFO - updater 25368 Patching D:\DevTools\6.7.2\mingw_64\lib\Qt6LabsSettings.prl
2026-06-04 22:36:04,716 - aqt.updater - INFO - updater 25368 Patching D:\DevTools\6.7.2\mingw_64\lib\Qt6LabsSharedImage.prl
2026-06-04 22:36:04,722 - aqt.updater - INFO - updater 25368 Patching D:\DevTools\6.7.2\mingw_64\lib\Qt6LabsWavefrontMesh.prl
2026-06-04 22:36:04,729 - aqt.updater - INFO - updater 25368 Patching D:\DevTools\6.7.2\mingw_64\lib\Qt6Network.prl
2026-06-04 22:36:04,737 - aqt.updater - INFO - updater 25368 Patching D:\DevTools\6.7.2\mingw_64\lib\Qt6OpenGL.prl
2026-06-04 22:36:04,748 - aqt.updater - INFO - updater 25368 Patching D:\DevTools\6.7.2\mingw_64\lib\Qt6OpenGLWidgets.prl
2026-06-04 22:36:04,756 - aqt.updater - INFO - updater 25368 Patching D:\DevTools\6.7.2\mingw_64\lib\Qt6PacketProtocol.prl
2026-06-04 22:36:04,764 - aqt.updater - INFO - updater 25368 Patching D:\DevTools\6.7.2\mingw_64\lib\Qt6PrintSupport.prl
2026-06-04 22:36:04,771 - aqt.updater - INFO - updater 25368 Patching D:\DevTools\6.7.2\mingw_64\lib\Qt6Qml.prl
2026-06-04 22:36:04,778 - aqt.updater - INFO - updater 25368 Patching D:\DevTools\6.7.2\mingw_64\lib\Qt6QmlBuiltins.prl
2026-06-04 22:36:04,786 - aqt.updater - INFO - updater 25368 Patching D:\DevTools\6.7.2\mingw_64\lib\Qt6QmlCompiler.prl
2026-06-04 22:36:04,793 - aqt.updater - INFO - updater 25368 Patching D:\DevTools\6.7.2\mingw_64\lib\Qt6QmlCore.prl
2026-06-04 22:36:04,801 - aqt.updater - INFO - updater 25368 Patching D:\DevTools\6.7.2\mingw_64\lib\Qt6QmlDebug.prl
2026-06-04 22:36:04,811 - aqt.updater - INFO - updater 25368 Patching D:\DevTools\6.7.2\mingw_64\lib\Qt6QmlDom.prl
2026-06-04 22:36:04,820 - aqt.updater - INFO - updater 25368 Patching D:\DevTools\6.7.2\mingw_64\lib\Qt6QmlLocalStorage.prl
2026-06-04 22:36:04,827 - aqt.updater - INFO - updater 25368 Patching D:\DevTools\6.7.2\mingw_64\lib\Qt6QmlLS.prl
2026-06-04 22:36:04,834 - aqt.updater - INFO - updater 25368 Patching D:\DevTools\6.7.2\mingw_64\lib\Qt6QmlModels.prl
2026-06-04 22:36:04,843 - aqt.updater - INFO - updater 25368 Patching D:\DevTools\6.7.2\mingw_64\lib\Qt6QmlNetwork.prl
2026-06-04 22:36:04,850 - aqt.updater - INFO - updater 25368 Patching D:\DevTools\6.7.2\mingw_64\lib\Qt6QmlToolingSettings.prl
2026-06-04 22:36:04,858 - aqt.updater - INFO - updater 25368 Patching D:\DevTools\6.7.2\mingw_64\lib\Qt6QmlTypeRegistrar.prl
2026-06-04 22:36:04,865 - aqt.updater - INFO - updater 25368 Patching D:\DevTools\6.7.2\mingw_64\lib\Qt6QmlWorkerScript.prl
2026-06-04 22:36:04,876 - aqt.updater - INFO - updater 25368 Patching D:\DevTools\6.7.2\mingw_64\lib\Qt6QmlXmlListModel.prl
2026-06-04 22:36:04,885 - aqt.updater - INFO - updater 25368 Patching D:\DevTools\6.7.2\mingw_64\lib\Qt6Quick.prl
2026-06-04 22:36:04,892 - aqt.updater - INFO - updater 25368 Patching D:\DevTools\6.7.2\mingw_64\lib\Qt6QuickControls2.prl
2026-06-04 22:36:04,899 - aqt.updater - INFO - updater 25368 Patching D:\DevTools\6.7.2\mingw_64\lib\Qt6QuickControls2Basic.prl
2026-06-04 22:36:04,907 - aqt.updater - INFO - updater 25368 Patching D:\DevTools\6.7.2\mingw_64\lib\Qt6QuickControls2BasicStyleImpl.prl
2026-06-04 22:36:04,913 - aqt.updater - INFO - updater 25368 Patching D:\DevTools\6.7.2\mingw_64\lib\Qt6QuickControls2Fusion.prl
2026-06-04 22:36:04,921 - aqt.updater - INFO - updater 25368 Patching D:\DevTools\6.7.2\mingw_64\lib\Qt6QuickControls2FusionStyleImpl.prl
2026-06-04 22:36:04,928 - aqt.updater - INFO - updater 25368 Patching D:\DevTools\6.7.2\mingw_64\lib\Qt6QuickControls2Imagine.prl
2026-06-04 22:36:04,936 - aqt.updater - INFO - updater 25368 Patching D:\DevTools\6.7.2\mingw_64\lib\Qt6QuickControls2ImagineStyleImpl.prl
2026-06-04 22:36:04,946 - aqt.updater - INFO - updater 25368 Patching D:\DevTools\6.7.2\mingw_64\lib\Qt6QuickControls2Impl.prl
2026-06-04 22:36:04,956 - aqt.updater - INFO - updater 25368 Patching D:\DevTools\6.7.2\mingw_64\lib\Qt6QuickControls2Material.prl
2026-06-04 22:36:04,964 - aqt.updater - INFO - updater 25368 Patching D:\DevTools\6.7.2\mingw_64\lib\Qt6QuickControls2MaterialStyleImpl.prl
2026-06-04 22:36:04,971 - aqt.updater - INFO - updater 25368 Patching D:\DevTools\6.7.2\mingw_64\lib\Qt6QuickControls2Universal.prl
2026-06-04 22:36:04,978 - aqt.updater - INFO - updater 25368 Patching D:\DevTools\6.7.2\mingw_64\lib\Qt6QuickControls2UniversalStyleImpl.prl
2026-06-04 22:36:04,987 - aqt.updater - INFO - updater 25368 Patching D:\DevTools\6.7.2\mingw_64\lib\Qt6QuickControls2WindowsStyleImpl.prl
2026-06-04 22:36:04,997 - aqt.updater - INFO - updater 25368 Patching D:\DevTools\6.7.2\mingw_64\lib\Qt6QuickControlsTestUtils.prl
2026-06-04 22:36:05,005 - aqt.updater - INFO - updater 25368 Patching D:\DevTools\6.7.2\mingw_64\lib\Qt6QuickDialogs2.prl
2026-06-04 22:36:05,016 - aqt.updater - INFO - updater 25368 Patching D:\DevTools\6.7.2\mingw_64\lib\Qt6QuickDialogs2QuickImpl.prl
2026-06-04 22:36:05,025 - aqt.updater - INFO - updater 25368 Patching D:\DevTools\6.7.2\mingw_64\lib\Qt6QuickDialogs2Utils.prl
2026-06-04 22:36:05,032 - aqt.updater - INFO - updater 25368 Patching D:\DevTools\6.7.2\mingw_64\lib\Qt6QuickEffects.prl
2026-06-04 22:36:05,040 - aqt.updater - INFO - updater 25368 Patching D:\DevTools\6.7.2\mingw_64\lib\Qt6QuickLayouts.prl
2026-06-04 22:36:05,045 - aqt.updater - INFO - updater 25368 Patching D:\DevTools\6.7.2\mingw_64\lib\Qt6QuickParticles.prl
2026-06-04 22:36:05,054 - aqt.updater - INFO - updater 25368 Patching D:\DevTools\6.7.2\mingw_64\lib\Qt6QuickShapes.prl
2026-06-04 22:36:05,060 - aqt.updater - INFO - updater 25368 Patching D:\DevTools\6.7.2\mingw_64\lib\Qt6QuickTemplates2.prl
2026-06-04 22:36:05,069 - aqt.updater - INFO - updater 25368 Patching D:\DevTools\6.7.2\mingw_64\lib\Qt6QuickTest.prl
2026-06-04 22:36:05,077 - aqt.updater - INFO - updater 25368 Patching D:\DevTools\6.7.2\mingw_64\lib\Qt6QuickTestUtils.prl
2026-06-04 22:36:05,087 - aqt.updater - INFO - updater 25368 Patching D:\DevTools\6.7.2\mingw_64\lib\Qt6QuickWidgets.prl
2026-06-04 22:36:05,094 - aqt.updater - INFO - updater 25368 Patching D:\DevTools\6.7.2\mingw_64\lib\Qt6Sql.prl
2026-06-04 22:36:05,100 - aqt.updater - INFO - updater 25368 Patching D:\DevTools\6.7.2\mingw_64\lib\Qt6Svg.prl
2026-06-04 22:36:05,108 - aqt.updater - INFO - updater 25368 Patching D:\DevTools\6.7.2\mingw_64\lib\Qt6SvgWidgets.prl
2026-06-04 22:36:05,116 - aqt.updater - INFO - updater 25368 Patching D:\DevTools\6.7.2\mingw_64\lib\Qt6Test.prl
2026-06-04 22:36:05,124 - aqt.updater - INFO - updater 25368 Patching D:\DevTools\6.7.2\mingw_64\lib\Qt6UiTools.prl
2026-06-04 22:36:05,131 - aqt.updater - INFO - updater 25368 Patching D:\DevTools\6.7.2\mingw_64\lib\Qt6Widgets.prl
2026-06-04 22:36:05,140 - aqt.updater - INFO - updater 25368 Patching D:\DevTools\6.7.2\mingw_64\lib\Qt6Xml.prl
2026-06-04 22:36:05,151 - aqt.main - INFO - installer 25368 Finished installation
2026-06-04 22:36:05,151 - aqt.main - INFO - installer 25368 Time elapsed: 37.06468720 second
